This is XeTeX, Version 3.141592653-2.6-0.999997 (MiKTeX 25.12) (preloaded format=xelatex 2026.7.20)  20 JUL 2026 22:25
entering extended mode
 restricted \write18 enabled.
 %&-line parsing enabled.
**./AlumVerse_BaoCaoCuoi.tex
(AlumVerse_BaoCaoCuoi.tex
LaTeX2e <2025-11-01>
L3 programming layer <2025-12-24>
(C:\Users\ACE\AppData\Local\Programs\MiKTeX\tex/latex/base\report.cls
Document Class: report 2025/01/22 v1.4n Standard LaTeX document class
(C:\Users\ACE\AppData\Local\Programs\MiKTeX\tex/latex/base\size12.clo
File: size12.clo 2025/01/22 v1.4n Standard LaTeX file (size option)
)
\c@part=\count271
\c@chapter=\count272
\c@section=\count273
\c@subsection=\count274
\c@subsubsection=\count275
\c@paragraph=\count276
\c@subparagraph=\count277
\c@figure=\count278
\c@table=\count279
\abovecaptionskip=\skip49
\belowcaptionskip=\skip50
\bibindent=\dimen148
)
(C:\Users\ACE\AppData\Local\Programs\MiKTeX\tex/latex/fontspec\fontspec.sty
(C:\Users\ACE\AppData\Local\Programs\MiKTeX\tex/latex/l3packages/xparse\xparse.
sty (C:\Users\ACE\AppData\Local\Programs\MiKTeX\tex/latex/l3kernel\expl3.sty
Package: expl3 2025-12-24 L3 programming layer (loader) 

(C:\Users\ACE\AppData\Local\Programs\MiKTeX\tex/latex/l3backend\l3backend-xetex
.def
File: l3backend-xetex.def 2025-10-09 L3 backend support: XeTeX
\g__graphics_track_int=\count280
\g__pdfannot_backend_int=\count281
\g__pdfannot_backend_link_int=\count282
))
Package: xparse 2025-10-09 L3 Experimental document command parser
)
Package: fontspec 2025/09/29 v2.9g Font selection for XeLaTeX and LuaLaTeX

(C:\Users\ACE\AppData\Local\Programs\MiKTeX\tex/latex/fontspec\fontspec-xetex.s
ty
Package: fontspec-xetex 2025/09/29 v2.9g Font selection for XeLaTeX and LuaLaTe
X
\l__fontspec_script_int=\count283
\l__fontspec_language_int=\count284
\l__fontspec_strnum_int=\count285
\l__fontspec_tmp_int=\count286
\l__fontspec_tmpa_int=\count287
\l__fontspec_tmpb_int=\count288
\l__fontspec_tmpc_int=\count289
\l__fontspec_em_int=\count290
\l__fontspec_emdef_int=\count291
\l__fontspec_strong_int=\count292
\l__fontspec_strongdef_int=\count293
\l__fontspec_tmpa_dim=\dimen149
\l__fontspec_tmpb_dim=\dimen150
\l__fontspec_tmpc_dim=\dimen151
 (C:\Users\ACE\AppData\Local\Programs\MiKTeX\tex/latex/base\fontenc.sty
Package: fontenc 2025/07/18 v2.1d Standard LaTeX package
)
(C:\Users\ACE\AppData\Local\Programs\MiKTeX\tex/latex/fontspec\fontspec.cfg)))
(C:\Users\ACE\AppData\Local\Programs\MiKTeX\tex/latex/polyglossia\polyglossia.s
ty
Package: polyglossia 2026/04/18 v2.10 Modern multilingual typesetting with XeLa
TeX and LuaLaTeX
 (C:\Users\ACE\AppData\Local\Programs\MiKTeX\tex/latex/etoolbox\etoolbox.sty
Package: etoolbox 2025/10/02 v2.5m e-TeX tools for LaTeX (JAW)
\etb@tempcnta=\count294
) (C:\Users\ACE\AppData\Local\Programs\MiKTeX\tex/generic/iftex\iftex.sty
Package: iftex 2024/12/12 v1.0g TeX engine tests
)
\l_xpg_alias_keyvals_int=\count295

(C:\Users\ACE\AppData\Local\Programs\MiKTeX\tex/latex/polyglossia\gloss-latex.l
df
File: gloss-latex.ldf polyglossia: module for default language
))
(C:\Users\ACE\AppData\Local\Programs\MiKTeX\tex/latex/polyglossia\gloss-vietnam
ese.ldf
File: gloss-vietnamese.ldf polyglossia: module for Vietnamese
)

Package polyglossia Info: Default language is vietnamese


(C:\Users\ACE\AppData\Local\Programs\MiKTeX\tex/latex/polyglossia\gloss-english
.ldf
File: gloss-english.ldf polyglossia: module for English
)

Package fontspec Info: 
(fontspec)             TeX Gyre Termes scale = 1.0833.


Package fontspec Info: 
(fontspec)             TeX Gyre Termes scale = 1.0833.


Package fontspec Info: 
(fontspec)             TeX Gyre Termes scale = 1.0833.


Package fontspec Info: 
(fontspec)             TeX Gyre Termes/B scale = 1.0833.


Package fontspec Info: 
(fontspec)             TeX Gyre Termes/B scale = 1.0833.


Package fontspec Info: 
(fontspec)             TeX Gyre Termes/I scale = 1.0833.


Package fontspec Info: 
(fontspec)             TeX Gyre Termes/I scale = 1.0833.


Package fontspec Info: 
(fontspec)             TeX Gyre Termes/BI scale = 1.0833.


Package fontspec Info: 
(fontspec)             TeX Gyre Termes/BI scale = 1.0833.


Package fontspec Info: 
(fontspec)             Font family 'TeXGyreTermes(0)' created for font 'TeX
(fontspec)             Gyre Termes' with options [Ligatures=TeX,Scale=1.0833].
(fontspec)              
(fontspec)              This font family consists of the following NFSS
(fontspec)             series/shapes:
(fontspec)              
(fontspec)             - 'normal' (m/n) with NFSS spec.: <->s*[1.0833]"TeX
(fontspec)             Gyre
(fontspec)             Termes/OT:script=latn;language=dflt;mapping=tex-text;"
(fontspec)             - 'small caps'  (m/sc) with NFSS spec.:
(fontspec)             <->s*[1.0833]"TeX Gyre
(fontspec)             Termes/OT:script=latn;language=dflt;+smcp;mapping=tex-te
xt;"
(fontspec)             - 'bold' (b/n) with NFSS spec.: <->s*[1.0833]"TeX Gyre
(fontspec)             Termes/B/OT:script=latn;language=dflt;mapping=tex-text;"

(fontspec)             - 'bold small caps'  (b/sc) with NFSS spec.:
(fontspec)             <->s*[1.0833]"TeX Gyre
(fontspec)             Termes/B/OT:script=latn;language=dflt;+smcp;mapping=tex-
text;"
(fontspec)             - 'italic' (m/it) with NFSS spec.: <->s*[1.0833]"TeX
(fontspec)             Gyre
(fontspec)             Termes/I/OT:script=latn;language=dflt;mapping=tex-text;"

(fontspec)             - 'italic small caps'  (m/scit) with NFSS spec.:
(fontspec)             <->s*[1.0833]"TeX Gyre
(fontspec)             Termes/I/OT:script=latn;language=dflt;+smcp;mapping=tex-
text;"
(fontspec)             - 'bold italic' (b/it) with NFSS spec.:
(fontspec)             <->s*[1.0833]"TeX Gyre
(fontspec)             Termes/BI/OT:script=latn;language=dflt;mapping=tex-text;
"
(fontspec)             - 'bold italic small caps'  (b/scit) with NFSS spec.:
(fontspec)             <->s*[1.0833]"TeX Gyre
(fontspec)             Termes/BI/OT:script=latn;language=dflt;+smcp;mapping=tex
-text;"

LaTeX Font Info:    Font shape `TU/TeXGyreTermes(0)/m/n' will be
(Font)              scaled to size 12.99957pt on input line 19.

(C:\Users\ACE\AppData\Local\Programs\MiKTeX\tex/latex/geometry\geometry.sty
Package: geometry 2026/03/07 v6.0 Page Geometry

(C:\Users\ACE\AppData\Local\Programs\MiKTeX\tex/latex/graphics\keyval.sty
Package: keyval 2022/05/29 v1.15 key=value parser (DPC)
\KV@toks@=\toks17
)
(C:\Users\ACE\AppData\Local\Programs\MiKTeX\tex/generic/iftex\ifvtex.sty
Package: ifvtex 2019/10/25 v1.7 ifvtex legacy package. Use iftex instead.
)
\Gm@cnth=\count296
\Gm@cntv=\count297
\c@Gm@tempcnt=\count298
\Gm@bindingoffset=\dimen152
\Gm@wd@mp=\dimen153
\Gm@odd@mp=\dimen154
\Gm@even@mp=\dimen155
\Gm@layoutwidth=\dimen156
\Gm@layoutheight=\dimen157
\Gm@layouthoffset=\dimen158
\Gm@layoutvoffset=\dimen159
\Gm@dimlist=\toks18

(C:\Users\ACE\AppData\Local\Programs\MiKTeX\tex/latex/geometry\geometry.cfg))
(C:\Users\ACE\AppData\Local\Programs\MiKTeX\tex/latex/setspace\setspace.sty
Package: setspace 2022/12/04 v6.7b set line spacing
)
(C:\Users\ACE\AppData\Local\Programs\MiKTeX\tex/latex/tools\indentfirst.sty
Package: indentfirst 2023/07/02 v1.03 Indent first paragraph (DPC)
)
(C:\Users\ACE\AppData\Local\Programs\MiKTeX\tex/latex/graphics\graphicx.sty
Package: graphicx 2024/12/31 v1.2e Enhanced LaTeX Graphics (DPC,SPQR)

(C:\Users\ACE\AppData\Local\Programs\MiKTeX\tex/latex/graphics\graphics.sty
Package: graphics 2024/08/06 v1.4g Standard LaTeX Graphics (DPC,SPQR)

(C:\Users\ACE\AppData\Local\Programs\MiKTeX\tex/latex/graphics\trig.sty
Package: trig 2023/12/02 v1.11 sin cos tan (DPC)
)
(C:\Users\ACE\AppData\Local\Programs\MiKTeX\tex/latex/graphics-cfg\graphics.cfg
File: graphics.cfg 2016/06/04 v1.11 sample graphics configuration
)
Package graphics Info: Driver file: xetex.def on input line 106.
 (C:\Users\ACE\AppData\Local\Programs\MiKTeX\tex/latex/graphics-def\xetex.def
File: xetex.def 2025/11/01 v5.0p Graphics/color driver for xetex
))
\Gin@req@height=\dimen160
\Gin@req@width=\dimen161
) (C:\Users\ACE\AppData\Local\Programs\MiKTeX\tex/latex/float\float.sty
Package: float 2001/11/08 v1.3d Float enhancements (AL)
\c@float@type=\count299
\float@exts=\toks19
\float@box=\box53
\@float@everytoks=\toks20
\@floatcapt=\box54
)
(C:\Users\ACE\AppData\Local\Programs\MiKTeX\tex/latex/tools\array.sty
Package: array 2025/09/25 v2.6n Tabular extension package (FMi)
\col@sep=\dimen162
\ar@mcellbox=\box55
\extrarowheight=\dimen163
\NC@list=\toks21
\extratabsurround=\skip51
\backup@length=\skip52
\ar@cellbox=\box56
)
(C:\Users\ACE\AppData\Local\Programs\MiKTeX\tex/latex/amsfonts\amssymb.sty
Package: amssymb 2013/01/14 v3.01 AMS font symbols

(C:\Users\ACE\AppData\Local\Programs\MiKTeX\tex/latex/amsfonts\amsfonts.sty
Package: amsfonts 2013/01/14 v3.01 Basic AMSFonts support
\@emptytoks=\toks22
\symAMSa=\mathgroup4
\symAMSb=\mathgroup5
LaTeX Font Info:    Redeclaring math symbol \hbar on input line 98.
LaTeX Font Info:    Overwriting math alphabet `\mathfrak' in version `bold'
(Font)                  U/euf/m/n --> U/euf/b/n on input line 106.
))
(C:\Users\ACE\AppData\Local\Programs\MiKTeX\tex/latex/booktabs\booktabs.sty
Package: booktabs 2020/01/12 v1.61803398 Publication quality tables
\heavyrulewidth=\dimen164
\lightrulewidth=\dimen165
\cmidrulewidth=\dimen166
\belowrulesep=\dimen167
\belowbottomsep=\dimen168
\aboverulesep=\dimen169
\abovetopsep=\dimen170
\cmidrulesep=\dimen171
\cmidrulekern=\dimen172
\defaultaddspace=\dimen173
\@cmidla=\count300
\@cmidlb=\count301
\@aboverulesep=\dimen174
\@belowrulesep=\dimen175
\@thisruleclass=\count302
\@lastruleclass=\count303
\@thisrulewidth=\dimen176
)
(C:\Users\ACE\AppData\Local\Programs\MiKTeX\tex/latex/tools\longtable.sty
Package: longtable 2025-10-13 v4.24 Multi-page Table package (DPC)
\LTleft=\skip53
\LTright=\skip54
\LTpre=\skip55
\LTpost=\skip56
\LTchunksize=\count304
\LTcapwidth=\dimen177
\LT@head=\box57
\LT@firsthead=\box58
\LT@foot=\box59
\LT@lastfoot=\box60
\LT@gbox=\box61
\LT@cols=\count305
\LT@rows=\count306
\c@LT@tables=\count307
\c@LT@chunks=\count308
\LT@p@ftn=\toks23
)
(C:\Users\ACE\AppData\Local\Programs\MiKTeX\tex/latex/multirow\multirow.sty
Package: multirow 2024/11/12 v2.9 Span multiple rows of a table
\multirow@colwidth=\skip57
\multirow@cntb=\count309
\multirow@dima=\skip58
\bigstrutjot=\dimen178
)
(C:\Users\ACE\AppData\Local\Programs\MiKTeX\tex/latex/colortbl\colortbl.sty
Package: colortbl 2026/05/01 v1.0l Color table columns (DPC)

(C:\Users\ACE\AppData\Local\Programs\MiKTeX\tex/latex/graphics\color.sty
Package: color 2025/01/14 v1.3e Standard LaTeX Color (DPC)

(C:\Users\ACE\AppData\Local\Programs\MiKTeX\tex/latex/graphics-cfg\color.cfg
File: color.cfg 2016/01/02 v1.6 sample color configuration
)
Package color Info: Driver file: xetex.def on input line 149.

(C:\Users\ACE\AppData\Local\Programs\MiKTeX\tex/latex/graphics\mathcolor.ltx))
\everycr=\toks24
\minrowclearance=\skip59
\rownum=\count310
) (C:\Users\ACE\AppData\Local\Programs\MiKTeX\tex/latex/xcolor\xcolor.sty
Package: xcolor 2024/09/29 v3.02 LaTeX color extensions (UK)

(C:\Users\ACE\AppData\Local\Programs\MiKTeX\tex/latex/graphics-cfg\color.cfg
File: color.cfg 2016/01/02 v1.6 sample color configuration
)
Package xcolor Info: Driver file: xetex.def on input line 274.
LaTeX Info: Redefining \color on input line 762.

(C:\Users\ACE\AppData\Local\Programs\MiKTeX\tex/latex/graphics\mathcolor.ltx)
Package xcolor Info: Model `cmy' substituted by `cmy0' on input line 1349.
Package xcolor Info: Model `RGB' extended on input line 1365.
Package xcolor Info: Model `HTML' substituted by `rgb' on input line 1367.
Package xcolor Info: Model `Hsb' substituted by `hsb' on input line 1368.
Package xcolor Info: Model `tHsb' substituted by `hsb' on input line 1369.
Package xcolor Info: Model `HSB' substituted by `hsb' on input line 1370.
Package xcolor Info: Model `Gray' substituted by `gray' on input line 1371.
Package xcolor Info: Model `wave' substituted by `hsb' on input line 1372.
)
(C:\Users\ACE\AppData\Local\Programs\MiKTeX\tex/latex/caption\caption.sty
Package: caption 2023/08/05 v3.6o Customizing captions (AR)

(C:\Users\ACE\AppData\Local\Programs\MiKTeX\tex/latex/caption\caption3.sty
Package: caption3 2023/07/31 v2.4d caption3 kernel (AR)
\caption@tempdima=\dimen179
\captionmargin=\dimen180
\caption@leftmargin=\dimen181
\caption@rightmargin=\dimen182
\caption@width=\dimen183
\caption@indent=\dimen184
\caption@parindent=\dimen185
\caption@hangindent=\dimen186
Package caption Info: Standard document class detected.
)
\c@caption@flags=\count311
\c@continuedfloat=\count312
Package caption Info: float package is loaded.
Package caption Info: longtable package is loaded.

(C:\Users\ACE\AppData\Local\Programs\MiKTeX\tex/latex/caption\ltcaption.sty
Package: ltcaption 2021/01/08 v1.4c longtable captions (AR)
))
(C:\Users\ACE\AppData\Local\Programs\MiKTeX\tex/latex/enumitem\enumitem.sty
Package: enumitem 2025/02/06 v3.11 Customized lists
\labelindent=\skip60
\enit@outerparindent=\dimen187
\enit@toks=\toks25
\enit@inbox=\box62
\enit@count@id=\count313
\enitdp@description=\count314
)
(C:\Users\ACE\AppData\Local\Programs\MiKTeX\tex/latex/titlesec\titlesec.sty
Package: titlesec 2025/01/04 v2.17 Sectioning titles
\ttl@box=\box63
\beforetitleunit=\skip61
\aftertitleunit=\skip62
\ttl@plus=\dimen188
\ttl@minus=\dimen189
\ttl@toksa=\toks26
\titlewidth=\dimen190
\titlewidthlast=\dimen191
\titlewidthfirst=\dimen192
)
(C:\Users\ACE\AppData\Local\Programs\MiKTeX\tex/latex/fancyhdr\fancyhdr.sty
Package: fancyhdr 2025/02/07 v5.2 Extensive control of page headers and footers

\f@nch@headwidth=\skip63
\f@nch@offset@elh=\skip64
\f@nch@offset@erh=\skip65
\f@nch@offset@olh=\skip66
\f@nch@offset@orh=\skip67
\f@nch@offset@elf=\skip68
\f@nch@offset@erf=\skip69
\f@nch@offset@olf=\skip70
\f@nch@offset@orf=\skip71
\f@nch@height=\skip72
\f@nch@footalignment=\skip73
\f@nch@widthL=\skip74
\f@nch@widthC=\skip75
\f@nch@widthR=\skip76
\@temptokenb=\toks27
)
(C:\Users\ACE\AppData\Local\Programs\MiKTeX\tex/latex/tocloft\tocloft.sty
Package: tocloft 2017/08/31 v2.3i parameterised ToC, etc., typesetting
Package tocloft Info: The document has chapter divisions on input line 51.
\cftparskip=\skip77
\cftbeforetoctitleskip=\skip78
\cftaftertoctitleskip=\skip79
\cftbeforepartskip=\skip80
\cftpartnumwidth=\skip81
\cftpartindent=\skip82
\cftbeforechapskip=\skip83
\cftchapindent=\skip84
\cftchapnumwidth=\skip85
\cftbeforesecskip=\skip86
\cftsecindent=\skip87
\cftsecnumwidth=\skip88
\cftbeforesubsecskip=\skip89
\cftsubsecindent=\skip90
\cftsubsecnumwidth=\skip91
\cftbeforesubsubsecskip=\skip92
\cftsubsubsecindent=\skip93
\cftsubsubsecnumwidth=\skip94
\cftbeforeparaskip=\skip95
\cftparaindent=\skip96
\cftparanumwidth=\skip97
\cftbeforesubparaskip=\skip98
\cftsubparaindent=\skip99
\cftsubparanumwidth=\skip100
\cftbeforeloftitleskip=\skip101
\cftafterloftitleskip=\skip102
\cftbeforefigskip=\skip103
\cftfigindent=\skip104
\cftfignumwidth=\skip105
\c@lofdepth=\count315
\c@lotdepth=\count316
\cftbeforelottitleskip=\skip106
\cftafterlottitleskip=\skip107
\cftbeforetabskip=\skip108
\cfttabindent=\skip109
\cfttabnumwidth=\skip110
)
(C:\Users\ACE\AppData\Local\Programs\MiKTeX\tex/latex/url\url.sty
\Urlmuskip=\muskip17
Package: url 2013/09/16  ver 3.4  Verb mode for urls, etc.
)
(C:\Users\ACE\AppData\Local\Programs\MiKTeX\tex/latex/pgf/frontendlayer\tikz.st
y (C:\Users\ACE\AppData\Local\Programs\MiKTeX\tex/latex/pgf/basiclayer\pgf.sty
(C:\Users\ACE\AppData\Local\Programs\MiKTeX\tex/latex/pgf/utilities\pgfrcs.sty
(C:\Users\ACE\AppData\Local\Programs\MiKTeX\tex/generic/pgf/utilities\pgfutil-c
ommon.tex
\pgfutil@everybye=\toks28
\pgfutil@tempdima=\dimen193
\pgfutil@tempdimb=\dimen194
)
(C:\Users\ACE\AppData\Local\Programs\MiKTeX\tex/generic/pgf/utilities\pgfutil-l
atex.def
\pgfutil@abb=\box64
)
(C:\Users\ACE\AppData\Local\Programs\MiKTeX\tex/generic/pgf/utilities\pgfrcs.co
de.tex
(C:\Users\ACE\AppData\Local\Programs\MiKTeX\tex/generic/pgf\pgf.revision.tex)
Package: pgfrcs 2025-08-29 v3.1.11a (3.1.11a)
))
Package: pgf 2025-08-29 v3.1.11a (3.1.11a)

(C:\Users\ACE\AppData\Local\Programs\MiKTeX\tex/latex/pgf/basiclayer\pgfcore.st
y
(C:\Users\ACE\AppData\Local\Programs\MiKTeX\tex/latex/pgf/systemlayer\pgfsys.st
y
(C:\Users\ACE\AppData\Local\Programs\MiKTeX\tex/generic/pgf/systemlayer\pgfsys.
code.tex
Package: pgfsys 2025-08-29 v3.1.11a (3.1.11a)

(C:\Users\ACE\AppData\Local\Programs\MiKTeX\tex/generic/pgf/utilities\pgfkeys.c
ode.tex
\pgfkeys@pathtoks=\toks29
\pgfkeys@temptoks=\toks30

(C:\Users\ACE\AppData\Local\Programs\MiKTeX\tex/generic/pgf/utilities\pgfkeysli
braryfiltered.code.tex
\pgfkeys@tmptoks=\toks31
))
\pgf@x=\dimen195
\pgf@y=\dimen196
\pgf@xa=\dimen197
\pgf@ya=\dimen198
\pgf@xb=\dimen199
\pgf@yb=\dimen256
\pgf@xc=\dimen257
\pgf@yc=\dimen258
\pgf@xd=\dimen259
\pgf@yd=\dimen260
\w@pgf@writea=\write3
\r@pgf@reada=\read2
\c@pgf@counta=\count317
\c@pgf@countb=\count318
\c@pgf@countc=\count319
\c@pgf@countd=\count320
\t@pgf@toka=\toks32
\t@pgf@tokb=\toks33
\t@pgf@tokc=\toks34
\pgf@sys@id@count=\count321

(C:\Users\ACE\AppData\Local\Programs\MiKTeX\tex/generic/pgf/systemlayer\pgf.cfg
File: pgf.cfg 2025-08-29 v3.1.11a (3.1.11a)
)
Driver file for pgf: pgfsys-xetex.def

(C:\Users\ACE\AppData\Local\Programs\MiKTeX\tex/generic/pgf/systemlayer\pgfsys-
xetex.def
File: pgfsys-xetex.def 2025-08-29 v3.1.11a (3.1.11a)

(C:\Users\ACE\AppData\Local\Programs\MiKTeX\tex/generic/pgf/systemlayer\pgfsys-
dvipdfmx.def
File: pgfsys-dvipdfmx.def 2025-08-29 v3.1.11a (3.1.11a)

(C:\Users\ACE\AppData\Local\Programs\MiKTeX\tex/generic/pgf/systemlayer\pgfsys-
common-pdf.def
File: pgfsys-common-pdf.def 2025-08-29 v3.1.11a (3.1.11a)
)
\pgfsys@objnum=\count322
)))
(C:\Users\ACE\AppData\Local\Programs\MiKTeX\tex/generic/pgf/systemlayer\pgfsyss
oftpath.code.tex
File: pgfsyssoftpath.code.tex 2025-08-29 v3.1.11a (3.1.11a)
\pgfsyssoftpath@smallbuffer@items=\count323
\pgfsyssoftpath@bigbuffer@items=\count324
)
(C:\Users\ACE\AppData\Local\Programs\MiKTeX\tex/generic/pgf/systemlayer\pgfsysp
rotocol.code.tex
File: pgfsysprotocol.code.tex 2025-08-29 v3.1.11a (3.1.11a)
))
(C:\Users\ACE\AppData\Local\Programs\MiKTeX\tex/generic/pgf/basiclayer\pgfcore.
code.tex
Package: pgfcore 2025-08-29 v3.1.11a (3.1.11a)

(C:\Users\ACE\AppData\Local\Programs\MiKTeX\tex/generic/pgf/math\pgfmath.code.t
ex
(C:\Users\ACE\AppData\Local\Programs\MiKTeX\tex/generic/pgf/math\pgfmathutil.co
de.tex)
(C:\Users\ACE\AppData\Local\Programs\MiKTeX\tex/generic/pgf/math\pgfmathparser.
code.tex
\pgfmath@dimen=\dimen261
\pgfmath@count=\count325
\pgfmath@box=\box65
\pgfmath@toks=\toks35
\pgfmath@stack@operand=\toks36
\pgfmath@stack@operation=\toks37
)
(C:\Users\ACE\AppData\Local\Programs\MiKTeX\tex/generic/pgf/math\pgfmathfunctio
ns.code.tex)
(C:\Users\ACE\AppData\Local\Programs\MiKTeX\tex/generic/pgf/math\pgfmathfunctio
ns.basic.code.tex)
(C:\Users\ACE\AppData\Local\Programs\MiKTeX\tex/generic/pgf/math\pgfmathfunctio
ns.trigonometric.code.tex)
(C:\Users\ACE\AppData\Local\Programs\MiKTeX\tex/generic/pgf/math\pgfmathfunctio
ns.random.code.tex)
(C:\Users\ACE\AppData\Local\Programs\MiKTeX\tex/generic/pgf/math\pgfmathfunctio
ns.comparison.code.tex)
(C:\Users\ACE\AppData\Local\Programs\MiKTeX\tex/generic/pgf/math\pgfmathfunctio
ns.base.code.tex)
(C:\Users\ACE\AppData\Local\Programs\MiKTeX\tex/generic/pgf/math\pgfmathfunctio
ns.round.code.tex)
(C:\Users\ACE\AppData\Local\Programs\MiKTeX\tex/generic/pgf/math\pgfmathfunctio
ns.misc.code.tex)
(C:\Users\ACE\AppData\Local\Programs\MiKTeX\tex/generic/pgf/math\pgfmathfunctio
ns.integerarithmetics.code.tex)
(C:\Users\ACE\AppData\Local\Programs\MiKTeX\tex/generic/pgf/math\pgfmathcalc.co
de.tex)
(C:\Users\ACE\AppData\Local\Programs\MiKTeX\tex/generic/pgf/math\pgfmathfloat.c
ode.tex
\c@pgfmathroundto@lastzeros=\count326
))
(C:\Users\ACE\AppData\Local\Programs\MiKTeX\tex/generic/pgf/math\pgfint.code.te
x)
(C:\Users\ACE\AppData\Local\Programs\MiKTeX\tex/generic/pgf/basiclayer\pgfcorep
oints.code.tex
File: pgfcorepoints.code.tex 2025-08-29 v3.1.11a (3.1.11a)
\pgf@picminx=\dimen262
\pgf@picmaxx=\dimen263
\pgf@picminy=\dimen264
\pgf@picmaxy=\dimen265
\pgf@pathminx=\dimen266
\pgf@pathmaxx=\dimen267
\pgf@pathminy=\dimen268
\pgf@pathmaxy=\dimen269
\pgf@xx=\dimen270
\pgf@xy=\dimen271
\pgf@yx=\dimen272
\pgf@yy=\dimen273
\pgf@zx=\dimen274
\pgf@zy=\dimen275
)
(C:\Users\ACE\AppData\Local\Programs\MiKTeX\tex/generic/pgf/basiclayer\pgfcorep
athconstruct.code.tex
File: pgfcorepathconstruct.code.tex 2025-08-29 v3.1.11a (3.1.11a)
\pgf@path@lastx=\dimen276
\pgf@path@lasty=\dimen277
)
(C:\Users\ACE\AppData\Local\Programs\MiKTeX\tex/generic/pgf/basiclayer\pgfcorep
athusage.code.tex
File: pgfcorepathusage.code.tex 2025-08-29 v3.1.11a (3.1.11a)
\pgf@shorten@end@additional=\dimen278
\pgf@shorten@start@additional=\dimen279
)
(C:\Users\ACE\AppData\Local\Programs\MiKTeX\tex/generic/pgf/basiclayer\pgfcores
copes.code.tex
File: pgfcorescopes.code.tex 2025-08-29 v3.1.11a (3.1.11a)
\pgfpic=\box66
\pgf@hbox=\box67
\pgf@layerbox@main=\box68
\pgf@picture@serial@count=\count327
)
(C:\Users\ACE\AppData\Local\Programs\MiKTeX\tex/generic/pgf/basiclayer\pgfcoreg
raphicstate.code.tex
File: pgfcoregraphicstate.code.tex 2025-08-29 v3.1.11a (3.1.11a)
\pgflinewidth=\dimen280
)
(C:\Users\ACE\AppData\Local\Programs\MiKTeX\tex/generic/pgf/basiclayer\pgfcoret
ransformations.code.tex
File: pgfcoretransformations.code.tex 2025-08-29 v3.1.11a (3.1.11a)
\pgf@pt@x=\dimen281
\pgf@pt@y=\dimen282
\pgf@pt@temp=\dimen283
)
(C:\Users\ACE\AppData\Local\Programs\MiKTeX\tex/generic/pgf/basiclayer\pgfcoreq
uick.code.tex
File: pgfcorequick.code.tex 2025-08-29 v3.1.11a (3.1.11a)
)
(C:\Users\ACE\AppData\Local\Programs\MiKTeX\tex/generic/pgf/basiclayer\pgfcoreo
bjects.code.tex
File: pgfcoreobjects.code.tex 2025-08-29 v3.1.11a (3.1.11a)
)
(C:\Users\ACE\AppData\Local\Programs\MiKTeX\tex/generic/pgf/basiclayer\pgfcorep
athprocessing.code.tex
File: pgfcorepathprocessing.code.tex 2025-08-29 v3.1.11a (3.1.11a)
)
(C:\Users\ACE\AppData\Local\Programs\MiKTeX\tex/generic/pgf/basiclayer\pgfcorea
rrows.code.tex
File: pgfcorearrows.code.tex 2025-08-29 v3.1.11a (3.1.11a)
\pgfarrowsep=\dimen284
)
(C:\Users\ACE\AppData\Local\Programs\MiKTeX\tex/generic/pgf/basiclayer\pgfcores
hade.code.tex
File: pgfcoreshade.code.tex 2025-08-29 v3.1.11a (3.1.11a)
\pgf@max=\dimen285
\pgf@sys@shading@range@num=\count328
\pgf@shadingcount=\count329
)
(C:\Users\ACE\AppData\Local\Programs\MiKTeX\tex/generic/pgf/basiclayer\pgfcorei
mage.code.tex
File: pgfcoreimage.code.tex 2025-08-29 v3.1.11a (3.1.11a)
)
(C:\Users\ACE\AppData\Local\Programs\MiKTeX\tex/generic/pgf/basiclayer\pgfcoree
xternal.code.tex
File: pgfcoreexternal.code.tex 2025-08-29 v3.1.11a (3.1.11a)
\pgfexternal@startupbox=\box69
)
(C:\Users\ACE\AppData\Local\Programs\MiKTeX\tex/generic/pgf/basiclayer\pgfcorel
ayers.code.tex
File: pgfcorelayers.code.tex 2025-08-29 v3.1.11a (3.1.11a)
)
(C:\Users\ACE\AppData\Local\Programs\MiKTeX\tex/generic/pgf/basiclayer\pgfcoret
ransparency.code.tex
File: pgfcoretransparency.code.tex 2025-08-29 v3.1.11a (3.1.11a)
)
(C:\Users\ACE\AppData\Local\Programs\MiKTeX\tex/generic/pgf/basiclayer\pgfcorep
atterns.code.tex
File: pgfcorepatterns.code.tex 2025-08-29 v3.1.11a (3.1.11a)
)
(C:\Users\ACE\AppData\Local\Programs\MiKTeX\tex/generic/pgf/basiclayer\pgfcorer
df.code.tex
File: pgfcorerdf.code.tex 2025-08-29 v3.1.11a (3.1.11a)
)))
(C:\Users\ACE\AppData\Local\Programs\MiKTeX\tex/generic/pgf/modules\pgfmodulesh
apes.code.tex
File: pgfmoduleshapes.code.tex 2025-08-29 v3.1.11a (3.1.11a)
\pgfnodeparttextbox=\box70
)
(C:\Users\ACE\AppData\Local\Programs\MiKTeX\tex/generic/pgf/modules\pgfmodulepl
ot.code.tex
File: pgfmoduleplot.code.tex 2025-08-29 v3.1.11a (3.1.11a)
)
(C:\Users\ACE\AppData\Local\Programs\MiKTeX\tex/latex/pgf/compatibility\pgfcomp
-version-0-65.sty
Package: pgfcomp-version-0-65 2025-08-29 v3.1.11a (3.1.11a)
\pgf@nodesepstart=\dimen286
\pgf@nodesepend=\dimen287
)
(C:\Users\ACE\AppData\Local\Programs\MiKTeX\tex/latex/pgf/compatibility\pgfcomp
-version-1-18.sty
Package: pgfcomp-version-1-18 2025-08-29 v3.1.11a (3.1.11a)
))
(C:\Users\ACE\AppData\Local\Programs\MiKTeX\tex/latex/pgf/utilities\pgffor.sty
(C:\Users\ACE\AppData\Local\Programs\MiKTeX\tex/latex/pgf/utilities\pgfkeys.sty

(C:\Users\ACE\AppData\Local\Programs\MiKTeX\tex/generic/pgf/utilities\pgfkeys.c
ode.tex))
(C:\Users\ACE\AppData\Local\Programs\MiKTeX\tex/latex/pgf/math\pgfmath.sty
(C:\Users\ACE\AppData\Local\Programs\MiKTeX\tex/generic/pgf/math\pgfmath.code.t
ex))
(C:\Users\ACE\AppData\Local\Programs\MiKTeX\tex/generic/pgf/utilities\pgffor.co
de.tex
Package: pgffor 2025-08-29 v3.1.11a (3.1.11a)
\pgffor@iter=\dimen288
\pgffor@skip=\dimen289
\pgffor@stack=\toks38
\pgffor@toks=\toks39
))
(C:\Users\ACE\AppData\Local\Programs\MiKTeX\tex/generic/pgf/frontendlayer/tikz\
tikz.code.tex
Package: tikz 2025-08-29 v3.1.11a (3.1.11a)

(C:\Users\ACE\AppData\Local\Programs\MiKTeX\tex/generic/pgf/libraries\pgflibrar
yplothandlers.code.tex
File: pgflibraryplothandlers.code.tex 2025-08-29 v3.1.11a (3.1.11a)
\pgf@plot@mark@count=\count330
\pgfplotmarksize=\dimen290
)
\tikz@lastx=\dimen291
\tikz@lasty=\dimen292
\tikz@lastxsaved=\dimen293
\tikz@lastysaved=\dimen294
\tikz@lastmovetox=\dimen295
\tikz@lastmovetoy=\dimen296
\tikzleveldistance=\dimen297
\tikzsiblingdistance=\dimen298
\tikz@figbox=\box71
\tikz@figbox@bg=\box72
\tikz@tempbox=\box73
\tikz@tempbox@bg=\box74
\tikztreelevel=\count331
\tikznumberofchildren=\count332
\tikznumberofcurrentchild=\count333
\tikz@fig@count=\count334

(C:\Users\ACE\AppData\Local\Programs\MiKTeX\tex/generic/pgf/modules\pgfmodulema
trix.code.tex
File: pgfmodulematrix.code.tex 2025-08-29 v3.1.11a (3.1.11a)
\pgfmatrixcurrentrow=\count335
\pgfmatrixcurrentcolumn=\count336
\pgf@matrix@numberofcolumns=\count337
)
\tikz@expandcount=\count338

(C:\Users\ACE\AppData\Local\Programs\MiKTeX\tex/generic/pgf/frontendlayer/tikz/
libraries\tikzlibrarytopaths.code.tex
File: tikzlibrarytopaths.code.tex 2025-08-29 v3.1.11a (3.1.11a)
)))
(C:\Users\ACE\AppData\Local\Programs\MiKTeX\tex/generic/pgf/frontendlayer/tikz/
libraries\tikzlibraryshapes.geometric.code.tex
File: tikzlibraryshapes.geometric.code.tex 2025-08-29 v3.1.11a (3.1.11a)

(C:\Users\ACE\AppData\Local\Programs\MiKTeX\tex/generic/pgf/libraries/shapes\pg
flibraryshapes.geometric.code.tex
File: pgflibraryshapes.geometric.code.tex 2025-08-29 v3.1.11a (3.1.11a)
))
(C:\Users\ACE\AppData\Local\Programs\MiKTeX\tex/generic/pgf/frontendlayer/tikz/
libraries\tikzlibrarypositioning.code.tex
File: tikzlibrarypositioning.code.tex 2025-08-29 v3.1.11a (3.1.11a)
)
(C:\Users\ACE\AppData\Local\Programs\MiKTeX\tex/generic/pgf/frontendlayer/tikz/
libraries\tikzlibrarycalc.code.tex
File: tikzlibrarycalc.code.tex 2025-08-29 v3.1.11a (3.1.11a)
)
(C:\Users\ACE\AppData\Local\Programs\MiKTeX\tex/generic/pgf/frontendlayer/tikz/
libraries\tikzlibraryfit.code.tex
File: tikzlibraryfit.code.tex 2025-08-29 v3.1.11a (3.1.11a)
)
(C:\Users\ACE\AppData\Local\Programs\MiKTeX\tex/generic/pgf/frontendlayer/tikz/
libraries\tikzlibrarybackgrounds.code.tex
File: tikzlibrarybackgrounds.code.tex 2025-08-29 v3.1.11a (3.1.11a)
\pgf@layerbox@background=\box75
\pgf@layerboxsaved@background=\box76
)
(C:\Users\ACE\AppData\Local\Programs\MiKTeX\tex/generic/pgf/frontendlayer/tikz/
libraries\tikzlibraryarrows.code.tex
File: tikzlibraryarrows.code.tex 2025-08-29 v3.1.11a (3.1.11a)

(C:\Users\ACE\AppData\Local\Programs\MiKTeX\tex/generic/pgf/libraries\pgflibrar
yarrows.code.tex
File: pgflibraryarrows.code.tex 2025-08-29 v3.1.11a (3.1.11a)
\arrowsize=\dimen299
))
(C:\Users\ACE\AppData\Local\Programs\MiKTeX\tex/generic/pgf/libraries\pgflibrar
yarrows.meta.code.tex
File: pgflibraryarrows.meta.code.tex 2025-08-29 v3.1.11a (3.1.11a)
\pgfarrowinset=\dimen300
\pgfarrowlength=\dimen301
\pgfarrowwidth=\dimen302
\pgfarrowlinewidth=\dimen303
)
(C:\Users\ACE\AppData\Local\Programs\MiKTeX\tex/latex/pgf-blur\tikzlibraryshado
ws.blur.code.tex  v1.02, 2012/12/09
(C:\Users\ACE\AppData\Local\Programs\MiKTeX\tex/generic/pgf/frontendlayer/tikz/
libraries\tikzlibraryshadows.code.tex
File: tikzlibraryshadows.code.tex 2025-08-29 v3.1.11a (3.1.11a)

(C:\Users\ACE\AppData\Local\Programs\MiKTeX\tex/generic/pgf/frontendlayer/tikz/
libraries\tikzlibraryfadings.code.tex
File: tikzlibraryfadings.code.tex 2025-08-29 v3.1.11a (3.1.11a)

(C:\Users\ACE\AppData\Local\Programs\MiKTeX\tex/generic/pgf/libraries\pgflibrar
yfadings.code.tex
File: pgflibraryfadings.code.tex 2025-08-29 v3.1.11a (3.1.11a)
)))
\pgfbs@fading@count=\count339
)
(C:\Users\ACE\AppData\Local\Programs\MiKTeX\tex/latex/pgfplots\pgfplots.sty
(C:\Users\ACE\AppData\Local\Programs\MiKTeX\tex/generic/pgfplots\pgfplots.revis
ion.tex)
Package: pgfplots 2021/05/15 v1.18.1 Data Visualization (1.18.1)

(C:\Users\ACE\AppData\Local\Programs\MiKTeX\tex/generic/pgfplots\pgfplots.code.
tex
(C:\Users\ACE\AppData\Local\Programs\MiKTeX\tex/generic/pgfplots\pgfplotscore.c
ode.tex
\t@pgfplots@toka=\toks40
\t@pgfplots@tokb=\toks41
\t@pgfplots@tokc=\toks42
\pgfplots@tmpa=\dimen304
\c@pgfplots@coordindex=\count340
\c@pgfplots@scanlineindex=\count341

(C:\Users\ACE\AppData\Local\Programs\MiKTeX\tex/generic/pgfplots/sys\pgfplotssy
sgeneric.code.tex))
(C:\Users\ACE\AppData\Local\Programs\MiKTeX\tex/generic/pgfplots/libs\pgfplotsl
ibrary.code.tex)
(C:\Users\ACE\AppData\Local\Programs\MiKTeX\tex/generic/pgfplots/oldpgfcompatib
\pgfplotsoldpgfsupp_loader.code.tex
(C:\Users\ACE\AppData\Local\Programs\MiKTeX\tex/generic/pgf/libraries\pgflibrar
yfpu.code.tex)
Package pgfplots: loading complementary utilities for your pgf version...
\t@pgf@toka=\toks43
\t@pgf@tokb=\toks44
\t@pgf@tokc=\toks45

(C:\Users\ACE\AppData\Local\Programs\MiKTeX\tex/generic/pgfplots/oldpgfcompatib
\pgfplotsoldpgfsupp_pgfutil-common-lists.tex))
(C:\Users\ACE\AppData\Local\Programs\MiKTeX\tex/generic/pgfplots/util\pgfplotsu
til.code.tex
(C:\Users\ACE\AppData\Local\Programs\MiKTeX\tex/generic/pgfplots/liststructure\
pgfplotsliststructure.code.tex)
(C:\Users\ACE\AppData\Local\Programs\MiKTeX\tex/generic/pgfplots/liststructure\
pgfplotsliststructureext.code.tex)
(C:\Users\ACE\AppData\Local\Programs\MiKTeX\tex/generic/pgfplots/liststructure\
pgfplotsarray.code.tex
\c@pgfplotsarray@tmp=\count342
)
(C:\Users\ACE\AppData\Local\Programs\MiKTeX\tex/generic/pgfplots/liststructure\
pgfplotsmatrix.code.tex)
(C:\Users\ACE\AppData\Local\Programs\MiKTeX\tex/generic/pgfplots/numtable\pgfpl
otstableshared.code.tex
\c@pgfplotstable@counta=\count343
\t@pgfplotstable@a=\toks46
)
(C:\Users\ACE\AppData\Local\Programs\MiKTeX\tex/generic/pgfplots/liststructure\
pgfplotsdeque.code.tex)
(C:\Users\ACE\AppData\Local\Programs\MiKTeX\tex/generic/pgfplots/util\pgfplotsb
inary.code.tex
(C:\Users\ACE\AppData\Local\Programs\MiKTeX\tex/generic/pgfplots/util\pgfplotsb
inary.data.code.tex))
(C:\Users\ACE\AppData\Local\Programs\MiKTeX\tex/generic/pgfplots/util\pgfplotsu
til.verb.code.tex)
(C:\Users\ACE\AppData\Local\Programs\MiKTeX\tex/generic/pgfplots/libs\pgflibrar
ypgfplots.surfshading.code.tex
\c@pgfplotslibrarysurf@no=\count344

(C:\Users\ACE\AppData\Local\Programs\MiKTeX\tex/generic/pgfplots/sys\pgflibrary
pgfplots.surfshading.pgfsys-xetex.def
(C:\Users\ACE\AppData\Local\Programs\MiKTeX\tex/generic/pgfplots/sys\pgflibrary
pgfplots.surfshading.pgfsys-dvipdfmx.def
\c@pgfplotslibrarysurf@streamlen=\count345
))))
(C:\Users\ACE\AppData\Local\Programs\MiKTeX\tex/generic/pgfplots/util\pgfplotsc
olormap.code.tex
(C:\Users\ACE\AppData\Local\Programs\MiKTeX\tex/generic/pgfplots/util\pgfplotsc
olor.code.tex))
(C:\Users\ACE\AppData\Local\Programs\MiKTeX\tex/generic/pgfplots\pgfplotsstacke
dplots.code.tex)
(C:\Users\ACE\AppData\Local\Programs\MiKTeX\tex/generic/pgfplots\pgfplotsplotha
ndlers.code.tex
(C:\Users\ACE\AppData\Local\Programs\MiKTeX\tex/generic/pgfplots\pgfplotsmeshpl
othandler.code.tex
(C:\Users\ACE\AppData\Local\Programs\MiKTeX\tex/generic/pgfplots\pgfplotsmeshpl
otimage.code.tex)))
(C:\Users\ACE\AppData\Local\Programs\MiKTeX\tex/generic/pgfplots\pgfplots.scali
ng.code.tex)
(C:\Users\ACE\AppData\Local\Programs\MiKTeX\tex/generic/pgfplots\pgfplotscoordp
rocessing.code.tex)
(C:\Users\ACE\AppData\Local\Programs\MiKTeX\tex/generic/pgfplots\pgfplots.error
bars.code.tex)
(C:\Users\ACE\AppData\Local\Programs\MiKTeX\tex/generic/pgfplots\pgfplots.marke
rs.code.tex)
(C:\Users\ACE\AppData\Local\Programs\MiKTeX\tex/generic/pgfplots\pgfplotsticks.
code.tex)
(C:\Users\ACE\AppData\Local\Programs\MiKTeX\tex/generic/pgfplots\pgfplots.paths
.code.tex)
(C:\Users\ACE\AppData\Local\Programs\MiKTeX\tex/generic/pgf/frontendlayer/tikz/
libraries\tikzlibrarydecorations.code.tex
(C:\Users\ACE\AppData\Local\Programs\MiKTeX\tex/generic/pgf/modules\pgfmodulede
corations.code.tex
\pgfdecoratedcompleteddistance=\dimen305
\pgfdecoratedremainingdistance=\dimen306
\pgfdecoratedinputsegmentcompleteddistance=\dimen307
\pgfdecoratedinputsegmentremainingdistance=\dimen308
\pgf@decorate@distancetomove=\dimen309
\pgf@decorate@repeatstate=\count346
\pgfdecorationsegmentamplitude=\dimen310
\pgfdecorationsegmentlength=\dimen311
)
\tikz@lib@dec@box=\box77
)
(C:\Users\ACE\AppData\Local\Programs\MiKTeX\tex/generic/pgf/frontendlayer/tikz/
libraries\tikzlibrarydecorations.pathmorphing.code.tex
(C:\Users\ACE\AppData\Local\Programs\MiKTeX\tex/generic/pgf/libraries/decoratio
ns\pgflibrarydecorations.pathmorphing.code.tex))
(C:\Users\ACE\AppData\Local\Programs\MiKTeX\tex/generic/pgf/frontendlayer/tikz/
libraries\tikzlibrarydecorations.pathreplacing.code.tex
(C:\Users\ACE\AppData\Local\Programs\MiKTeX\tex/generic/pgf/libraries/decoratio
ns\pgflibrarydecorations.pathreplacing.code.tex))
(C:\Users\ACE\AppData\Local\Programs\MiKTeX\tex/generic/pgfplots/libs\tikzlibra
rypgfplots.contourlua.code.tex)
\pgfplots@numplots=\count347
\pgfplots@xmin@reg=\dimen312
\pgfplots@xmax@reg=\dimen313
\pgfplots@ymin@reg=\dimen314
\pgfplots@ymax@reg=\dimen315
\pgfplots@zmin@reg=\dimen316
\pgfplots@zmax@reg=\dimen317
)
(C:\Users\ACE\AppData\Local\Programs\MiKTeX\tex/generic/pgf/frontendlayer/tikz/
libraries\tikzlibraryplotmarks.code.tex
File: tikzlibraryplotmarks.code.tex 2025-08-29 v3.1.11a (3.1.11a)

(C:\Users\ACE\AppData\Local\Programs\MiKTeX\tex/generic/pgf/libraries\pgflibrar
yplotmarks.code.tex
File: pgflibraryplotmarks.code.tex 2025-08-29 v3.1.11a (3.1.11a)
)))
(C:\Users\ACE\AppData\Local\Programs\MiKTeX\tex/latex/caption\subcaption.sty
Package: subcaption 2023/07/28 v1.6b Sub-captions (AR)
Package caption Info: New subtype `subfigure' on input line 238.
\c@subfigure=\count348
Package caption Info: New subtype `subtable' on input line 238.
\c@subtable=\count349
)
(C:\Users\ACE\AppData\Local\Programs\MiKTeX\tex/latex/pdflscape\pdflscape.sty
Package: pdflscape 2022-10-27 v0.13 Display of landscape pages in PDF

(C:\Users\ACE\AppData\Local\Programs\MiKTeX\tex/latex/pdflscape\pdflscape-nomet
adata.sty
Package: pdflscape-nometadata 2022-10-28 v0.13 Display of landscape pages in PD
F (HO)

(C:\Users\ACE\AppData\Local\Programs\MiKTeX\tex/latex/graphics\lscape.sty
Package: lscape 2020/05/28 v3.02 Landscape Pages (DPC)
)
Package pdflscape Info: Auto-detected driver: dvipdfm (xetex) on input line 98.

))
(C:\Users\ACE\AppData\Local\Programs\MiKTeX\tex/latex/pdfpages\pdfpages.sty
Package: pdfpages 2026/03/30 v0.6h Insert pages of external PDF documents (AM)

(C:\Users\ACE\AppData\Local\Programs\MiKTeX\tex/latex/base\ifthen.sty
Package: ifthen 2024/03/16 v1.1e Standard LaTeX ifthen package (DPC)
)
(C:\Users\ACE\AppData\Local\Programs\MiKTeX\tex/latex/tools\calc.sty
Package: calc 2025/03/01 v4.3b Infix arithmetic (KKT,FJ)
\calc@Acount=\count350
\calc@Bcount=\count351
\calc@Adimen=\dimen318
\calc@Bdimen=\dimen319
\calc@Askip=\skip111
\calc@Bskip=\skip112
LaTeX Info: Redefining \setlength on input line 86.
LaTeX Info: Redefining \addtolength on input line 87.
\calc@Ccount=\count352
\calc@Cskip=\skip113
)
(C:\Users\ACE\AppData\Local\Programs\MiKTeX\tex/latex/eso-pic\eso-pic.sty
Package: eso-pic 2026/05/31 v3.0e eso-pic (RN)
\ESO@tempdima=\dimen320
\ESO@tempdimb=\dimen321
)
\AM@pagewidth=\dimen322
\AM@pageheight=\dimen323
\AM@fboxrule=\dimen324

(C:\Users\ACE\AppData\Local\Programs\MiKTeX\tex/latex/pdfpages\ppxetex.def
File: ppxetex.def 2026/03/30 v0.6h Pdfpages driver for XeTeX (AM)
)
\pdfpages@includegraphics@status=\count353
\AM@pagebox=\box78
\AM@global@opts=\toks47
\AM@pagecnt=\count354
\AM@toc@title=\toks48
\AM@lof@heading=\toks49
\c@AM@survey=\count355
\AM@templatesizebox=\box79
)
(C:\Users\ACE\AppData\Local\Programs\MiKTeX\tex/latex/hyperref\hyperref.sty
Package: hyperref 2025-07-12 v7.01o Hypertext links for LaTeX

(C:\Users\ACE\AppData\Local\Programs\MiKTeX\tex/latex/kvsetkeys\kvsetkeys.sty
Package: kvsetkeys 2022-10-05 v1.19 Key value parser (HO)
)
(C:\Users\ACE\AppData\Local\Programs\MiKTeX\tex/generic/kvdefinekeys\kvdefineke
ys.sty
Package: kvdefinekeys 2019-12-19 v1.6 Define keys (HO)
)
(C:\Users\ACE\AppData\Local\Programs\MiKTeX\tex/generic/pdfescape\pdfescape.sty
Package: pdfescape 2019/12/09 v1.15 Implements pdfTeX's escape features (HO)
(C:\Users\ACE\AppData\Local\Programs\MiKTeX\tex/generic/ltxcmds\ltxcmds.sty
Package: ltxcmds 2023-12-04 v1.26 LaTeX kernel commands for general use (HO)
)
(C:\Users\ACE\AppData\Local\Programs\MiKTeX\tex/generic/pdftexcmds\pdftexcmds.s
ty
Package: pdftexcmds 2020-06-27 v0.33 Utility functions of pdfTeX for LuaTeX (HO
)

(C:\Users\ACE\AppData\Local\Programs\MiKTeX\tex/generic/infwarerr\infwarerr.sty
Package: infwarerr 2019/12/03 v1.5 Providing info/warning/error messages (HO)
)
Package pdftexcmds Info: \pdf@primitive is available.
Package pdftexcmds Info: \pdf@ifprimitive is available.
Package pdftexcmds Info: \pdfdraftmode not found.
)) (C:\Users\ACE\AppData\Local\Programs\MiKTeX\tex/latex/hycolor\hycolor.sty
Package: hycolor 2020-01-27 v1.10 Color options for hyperref/bookmark (HO)
)
(C:\Users\ACE\AppData\Local\Programs\MiKTeX\tex/latex/hyperref\nameref.sty
Package: nameref 2025-06-21 v2.57 Cross-referencing by name of section

(C:\Users\ACE\AppData\Local\Programs\MiKTeX\tex/latex/refcount\refcount.sty
Package: refcount 2019/12/15 v3.6 Data extraction from label references (HO)
)
(C:\Users\ACE\AppData\Local\Programs\MiKTeX\tex/generic/gettitlestring\gettitle
string.sty
Package: gettitlestring 2019/12/15 v1.6 Cleanup title references (HO)

(C:\Users\ACE\AppData\Local\Programs\MiKTeX\tex/latex/kvoptions\kvoptions.sty
Package: kvoptions 2022-06-15 v3.15 Key value format for package options (HO)
))
\c@section@level=\count356
)
(C:\Users\ACE\AppData\Local\Programs\MiKTeX\tex/generic/stringenc\stringenc.sty
Package: stringenc 2019/11/29 v1.12 Convert strings between diff. encodings (HO
)
)
\@linkdim=\dimen325
\Hy@linkcounter=\count357
\Hy@pagecounter=\count358
 (C:\Users\ACE\AppData\Local\Programs\MiKTeX\tex/latex/hyperref\pd1enc.def
File: pd1enc.def 2025-07-12 v7.01o Hyperref: PDFDocEncoding definition (HO)
)
(C:\Users\ACE\AppData\Local\Programs\MiKTeX\tex/generic/intcalc\intcalc.sty
Package: intcalc 2019/12/15 v1.3 Expandable calculations with integers (HO)
)
\Hy@SavedSpaceFactor=\count359

(C:\Users\ACE\AppData\Local\Programs\MiKTeX\tex/latex/hyperref\puenc.def
File: puenc.def 2025-07-12 v7.01o Hyperref: PDF Unicode definition (HO)
)
Package hyperref Info: Hyper figures OFF on input line 4195.
Package hyperref Info: Link nesting OFF on input line 4200.
Package hyperref Info: Hyper index ON on input line 4203.
Package hyperref Info: Plain pages OFF on input line 4210.
Package hyperref Info: Backreferencing OFF on input line 4215.
Package hyperref Info: Implicit mode ON; LaTeX internals redefined.
Package hyperref Info: Bookmarks ON on input line 4462.
\c@Hy@tempcnt=\count360
LaTeX Info: Redefining \url on input line 4801.
\XeTeXLinkMargin=\dimen326

(C:\Users\ACE\AppData\Local\Programs\MiKTeX\tex/generic/bitset\bitset.sty
Package: bitset 2019/12/09 v1.3 Handle bit-vector datatype (HO)

(C:\Users\ACE\AppData\Local\Programs\MiKTeX\tex/generic/bigintcalc\bigintcalc.s
ty
Package: bigintcalc 2019/12/15 v1.5 Expandable calculations on big integers (HO
)
))
\Fld@menulength=\count361
\Field@Width=\dimen327
\Fld@charsize=\dimen328
Package hyperref Info: Hyper figures OFF on input line 6078.
Package hyperref Info: Link nesting OFF on input line 6083.
Package hyperref Info: Hyper index ON on input line 6086.
Package hyperref Info: backreferencing OFF on input line 6093.
Package hyperref Info: Link coloring OFF on input line 6098.
Package hyperref Info: Link coloring with OCG OFF on input line 6103.
Package hyperref Info: PDF/A mode OFF on input line 6108.
\Hy@abspage=\count362
\c@Item=\count363
\c@Hfootnote=\count364
)
Package hyperref Info: Driver (autodetected): hxetex.
 (C:\Users\ACE\AppData\Local\Programs\MiKTeX\tex/latex/hyperref\hxetex.def
File: hxetex.def 2025-07-12 v7.01o Hyperref driver for XeTeX
\pdfm@box=\box80
\c@Hy@AnnotLevel=\count365
\HyField@AnnotCount=\count366
\Fld@listcount=\count367
\c@bookmark@seq@number=\count368

(C:\Users\ACE\AppData\Local\Programs\MiKTeX\tex/latex/rerunfilecheck\rerunfilec
heck.sty
Package: rerunfilecheck 2025-06-21 v1.11 Rerun checks for auxiliary files (HO)

(C:\Users\ACE\AppData\Local\Programs\MiKTeX\tex/generic/uniquecounter\uniquecou
nter.sty
Package: uniquecounter 2019/12/15 v1.4 Provide unlimited unique counter (HO)
)
Package uniquecounter Info: New unique counter `rerunfilecheck' on input line 2
84.
)
\Hy@SectionHShift=\skip114
) (AlumVerse_BaoCaoCuoi.aux)
\openout1 = `AlumVerse_BaoCaoCuoi.aux'.

LaTeX Font Info:    Checking defaults for OML/cmm/m/it on input line 143.
LaTeX Font Info:    ... okay on input line 143.
LaTeX Font Info:    Checking defaults for OMS/cmsy/m/n on input line 143.
LaTeX Font Info:    ... okay on input line 143.
LaTeX Font Info:    Checking defaults for OT1/cmr/m/n on input line 143.
LaTeX Font Info:    ... okay on input line 143.
LaTeX Font Info:    Checking defaults for T1/cmr/m/n on input line 143.
LaTeX Font Info:    ... okay on input line 143.
LaTeX Font Info:    Checking defaults for TS1/cmr/m/n on input line 143.
LaTeX Font Info:    ... okay on input line 143.
LaTeX Font Info:    Checking defaults for TU/lmr/m/n on input line 143.
LaTeX Font Info:    ... okay on input line 143.
LaTeX Font Info:    Checking defaults for OMX/cmex/m/n on input line 143.
LaTeX Font Info:    ... okay on input line 143.
LaTeX Font Info:    Checking defaults for U/cmr/m/n on input line 143.
LaTeX Font Info:    ... okay on input line 143.
LaTeX Font Info:    Checking defaults for PD1/pdf/m/n on input line 143.
LaTeX Font Info:    ... okay on input line 143.
LaTeX Font Info:    Checking defaults for PU/pdf/m/n on input line 143.
LaTeX Font Info:    ... okay on input line 143.

Package fontspec Info: 
(fontspec)             Adjusting the maths setup (use [no-math] to avoid
(fontspec)             this).

\symlegacymaths=\mathgroup6
LaTeX Font Info:    Overwriting symbol font `legacymaths' in version `bold'
(Font)                  OT1/cmr/m/n --> OT1/cmr/bx/n on input line 143.
LaTeX Font Info:    Redeclaring math accent \acute on input line 143.
LaTeX Font Info:    Redeclaring math accent \grave on input line 143.
LaTeX Font Info:    Redeclaring math accent \ddot on input line 143.
LaTeX Font Info:    Redeclaring math accent \tilde on input line 143.
LaTeX Font Info:    Redeclaring math accent \bar on input line 143.
LaTeX Font Info:    Redeclaring math accent \breve on input line 143.
LaTeX Font Info:    Redeclaring math accent \check on input line 143.
LaTeX Font Info:    Redeclaring math accent \hat on input line 143.
LaTeX Font Info:    Redeclaring math accent \dot on input line 143.
LaTeX Font Info:    Redeclaring math accent \mathring on input line 143.
LaTeX Font Info:    Redeclaring math symbol \colon on input line 143.
LaTeX Font Info:    Redeclaring math symbol \Gamma on input line 143.
LaTeX Font Info:    Redeclaring math symbol \Delta on input line 143.
LaTeX Font Info:    Redeclaring math symbol \Theta on input line 143.
LaTeX Font Info:    Redeclaring math symbol \Lambda on input line 143.
LaTeX Font Info:    Redeclaring math symbol \Xi on input line 143.
LaTeX Font Info:    Redeclaring math symbol \Pi on input line 143.
LaTeX Font Info:    Redeclaring math symbol \Sigma on input line 143.
LaTeX Font Info:    Redeclaring math symbol \Upsilon on input line 143.
LaTeX Font Info:    Redeclaring math symbol \Phi on input line 143.
LaTeX Font Info:    Redeclaring math symbol \Psi on input line 143.
LaTeX Font Info:    Redeclaring math symbol \Omega on input line 143.
LaTeX Font Info:    Redeclaring math symbol \mathdollar on input line 143.
LaTeX Font Info:    Redeclaring symbol font `operators' on input line 143.
LaTeX Font Info:    Encoding `OT1' has changed to `TU' for symbol font
(Font)              `operators' in the math version `normal' on input line 143.

LaTeX Font Info:    Overwriting symbol font `operators' in version `normal'
(Font)                  OT1/cmr/m/n --> TU/TeXGyreTermes(0)/m/n on input line 1
43.
LaTeX Font Info:    Encoding `OT1' has changed to `TU' for symbol font
(Font)              `operators' in the math version `bold' on input line 143.
LaTeX Font Info:    Overwriting symbol font `operators' in version `bold'
(Font)                  OT1/cmr/bx/n --> TU/TeXGyreTermes(0)/m/n on input line 
143.
LaTeX Font Info:    Overwriting symbol font `operators' in version `normal'
(Font)                  TU/TeXGyreTermes(0)/m/n --> TU/TeXGyreTermes(0)/m/n on 
input line 143.
LaTeX Font Info:    Overwriting math alphabet `\mathit' in version `normal'
(Font)                  OT1/cmr/m/it --> TU/TeXGyreTermes(0)/m/it on input line
 143.
LaTeX Font Info:    Overwriting math alphabet `\mathbf' in version `normal'
(Font)                  OT1/cmr/bx/n --> TU/TeXGyreTermes(0)/b/n on input line 
143.
LaTeX Font Info:    Overwriting math alphabet `\mathsf' in version `normal'
(Font)                  OT1/cmss/m/n --> TU/lmss/m/n on input line 143.
LaTeX Font Info:    Overwriting math alphabet `\mathtt' in version `normal'
(Font)                  OT1/cmtt/m/n --> TU/lmtt/m/n on input line 143.
LaTeX Font Info:    Overwriting symbol font `operators' in version `bold'
(Font)                  TU/TeXGyreTermes(0)/m/n --> TU/TeXGyreTermes(0)/b/n on 
input line 143.
LaTeX Font Info:    Overwriting math alphabet `\mathit' in version `bold'
(Font)                  OT1/cmr/bx/it --> TU/TeXGyreTermes(0)/b/it on input lin
e 143.
LaTeX Font Info:    Overwriting math alphabet `\mathsf' in version `bold'
(Font)                  OT1/cmss/bx/n --> TU/lmss/b/n on input line 143.
LaTeX Font Info:    Overwriting math alphabet `\mathtt' in version `bold'
(Font)                  OT1/cmtt/m/n --> TU/lmtt/b/n on input line 143.

*geometry* driver: auto-detecting
*geometry* detected driver: xetex
*geometry* verbose mode - [ preamble ] result:
* driver: xetex
* paper: a4paper
* layout: <same size as paper>
* layoutoffset:(h,v)=(0.0pt,0.0pt)
* modes: 
* h-part:(L,W,R)=(99.58464pt, 441.01773pt, 56.9055pt)
* v-part:(T,H,B)=(85.35826pt, 660.10394pt, 99.58464pt)
* \paperwidth=597.50787pt
* \paperheight=845.04684pt
* \textwidth=441.01773pt
* \textheight=660.10394pt
* \oddsidemargin=27.31465pt
* \evensidemargin=27.31465pt
* \topmargin=-23.91173pt
* \headheight=12.0pt
* \headsep=25.0pt
* \topskip=12.0pt
* \footskip=30.0pt
* \marginparwidth=35.0pt
* \marginparsep=10.0pt
* \columnsep=10.0pt
* \skip\footins=10.8pt plus 4.0pt minus 2.0pt
* \hoffset=0.0pt
* \voffset=0.0pt
* \mag=1000
* \@twocolumnfalse
* \@twosidefalse
* \@mparswitchfalse
* \@reversemarginfalse
* (1in=72.27pt=25.4mm, 1cm=28.453pt)

Package caption Info: Begin \AtBeginDocument code.
Package caption Info: hyperref package is loaded.
Package caption Info: End \AtBeginDocument code.
Package pgfplots notification 'compat/show suggested version=true': you might b
enefit from \pgfplotsset{compat=1.18} (current compat level: 1.17).

Package hyperref Info: Link coloring OFF on input line 143.
(AlumVerse_BaoCaoCuoi.out) (AlumVerse_BaoCaoCuoi.out)
\@outlinefile=\write4
\openout4 = `AlumVerse_BaoCaoCuoi.out'.

LaTeX Font Info:    Font shape `TU/TeXGyreTermes(0)/b/n' will be
(Font)              scaled to size 12.99957pt on input line 156.
LaTeX Font Info:    Font shape `TU/TeXGyreTermes(0)/m/n' will be
(Font)              scaled to size 16.24947pt on input line 165.
LaTeX Font Info:    Font shape `TU/TeXGyreTermes(0)/b/n' will be
(Font)              scaled to size 16.24947pt on input line 165.
LaTeX Font Info:    Font shape `TU/TeXGyreTermes(0)/b/it' will be
(Font)              scaled to size 12.99957pt on input line 169.
 [1

] [1]
LaTeX Font Info:    Font shape `TU/TeXGyreTermes(0)/b/n' will be
(Font)              scaled to size 15.16617pt on input line 226.
 [1

]
\c@dcpage=\count369
File: AlumVerse_DeCuong_final.pdf Graphic file (type pdf)
<use AlumVerse_DeCuong_final.pdf>
File: AlumVerse_DeCuong_final.pdf Graphic file (type pdf)
<use AlumVerse_DeCuong_final.pdf, page 1>
File: AlumVerse_DeCuong_final.pdf Graphic file (type pdf)
<use AlumVerse_DeCuong_final.pdf, page 1>
File: AlumVerse_DeCuong_final.pdf Graphic file (type pdf)
<use AlumVerse_DeCuong_final.pdf, page 1>
File: AlumVerse_DeCuong_final.pdf Graphic file (type pdf)
<use AlumVerse_DeCuong_final.pdf, page 1>
File: AlumVerse_DeCuong_final.pdf Graphic file (type pdf)
<use AlumVerse_DeCuong_final.pdf, page 1>
 [2

]
File: AlumVerse_DeCuong_final.pdf Graphic file (type pdf)
<use AlumVerse_DeCuong_final.pdf, page 2>
File: AlumVerse_DeCuong_final.pdf Graphic file (type pdf)
<use AlumVerse_DeCuong_final.pdf, page 2>
File: AlumVerse_DeCuong_final.pdf Graphic file (type pdf)
<use AlumVerse_DeCuong_final.pdf, page 2>
 [3

]
File: AlumVerse_DeCuong_final.pdf Graphic file (type pdf)
<use AlumVerse_DeCuong_final.pdf, page 3>
File: AlumVerse_DeCuong_final.pdf Graphic file (type pdf)
<use AlumVerse_DeCuong_final.pdf, page 3>
File: AlumVerse_DeCuong_final.pdf Graphic file (type pdf)
<use AlumVerse_DeCuong_final.pdf, page 3>

[4

]
File: AlumVerse_DeCuong_final.pdf Graphic file (type pdf)
<use AlumVerse_DeCuong_final.pdf, page 4>
File: AlumVerse_DeCuong_final.pdf Graphic file (type pdf)
<use AlumVerse_DeCuong_final.pdf, page 4>
File: AlumVerse_DeCuong_final.pdf Graphic file (type pdf)
<use AlumVerse_DeCuong_final.pdf, page 4>
 [5

]
File: AlumVerse_DeCuong_final.pdf Graphic file (type pdf)
<use AlumVerse_DeCuong_final.pdf, page 5>
File: AlumVerse_DeCuong_final.pdf Graphic file (type pdf)
<use AlumVerse_DeCuong_final.pdf, page 5>
File: AlumVerse_DeCuong_final.pdf Graphic file (type pdf)
<use AlumVerse_DeCuong_final.pdf, page 5>
 [6

]
File: AlumVerse_DeCuong_final.pdf Graphic file (type pdf)
<use AlumVerse_DeCuong_final.pdf, page 6>
File: AlumVerse_DeCuong_final.pdf Graphic file (type pdf)
<use AlumVerse_DeCuong_final.pdf, page 6>
File: AlumVerse_DeCuong_final.pdf Graphic file (type pdf)
<use AlumVerse_DeCuong_final.pdf, page 6>
 [7

]
File: AlumVerse_DeCuong_final.pdf Graphic file (type pdf)
<use AlumVerse_DeCuong_final.pdf, page 7>
File: AlumVerse_DeCuong_final.pdf Graphic file (type pdf)
<use AlumVerse_DeCuong_final.pdf, page 7>
File: AlumVerse_DeCuong_final.pdf Graphic file (type pdf)
<use AlumVerse_DeCuong_final.pdf, page 7>
 [8

]
File: AlumVerse_DeCuong_final.pdf Graphic file (type pdf)
<use AlumVerse_DeCuong_final.pdf, page 8>
File: AlumVerse_DeCuong_final.pdf Graphic file (type pdf)
<use AlumVerse_DeCuong_final.pdf, page 8>
File: AlumVerse_DeCuong_final.pdf Graphic file (type pdf)
<use AlumVerse_DeCuong_final.pdf, page 8>
 [9

]
File: AlumVerse_DeCuong_final.pdf Graphic file (type pdf)
<use AlumVerse_DeCuong_final.pdf, page 9>
File: AlumVerse_DeCuong_final.pdf Graphic file (type pdf)
<use AlumVerse_DeCuong_final.pdf, page 9>
File: AlumVerse_DeCuong_final.pdf Graphic file (type pdf)
<use AlumVerse_DeCuong_final.pdf, page 9>
 [10

]
File: AlumVerse_DeCuong_final.pdf Graphic file (type pdf)
<use AlumVerse_DeCuong_final.pdf, page 10>
File: AlumVerse_DeCuong_final.pdf Graphic file (type pdf)
<use AlumVerse_DeCuong_final.pdf, page 10>
File: AlumVerse_DeCuong_final.pdf Graphic file (type pdf)
<use AlumVerse_DeCuong_final.pdf, page 10>
 [11

]
File: AlumVerse_DeCuong_final.pdf Graphic file (type pdf)
<use AlumVerse_DeCuong_final.pdf, page 11>
File: AlumVerse_DeCuong_final.pdf Graphic file (type pdf)
<use AlumVerse_DeCuong_final.pdf, page 11>
File: AlumVerse_DeCuong_final.pdf Graphic file (type pdf)
<use AlumVerse_DeCuong_final.pdf, page 11>
 [12

]
File: AlumVerse_DeCuong_final.pdf Graphic file (type pdf)
<use AlumVerse_DeCuong_final.pdf, page 12>
File: AlumVerse_DeCuong_final.pdf Graphic file (type pdf)
<use AlumVerse_DeCuong_final.pdf, page 12>
File: AlumVerse_DeCuong_final.pdf Graphic file (type pdf)
<use AlumVerse_DeCuong_final.pdf, page 12>
 [13

]
File: AlumVerse_DeCuong_final.pdf Graphic file (type pdf)
<use AlumVerse_DeCuong_final.pdf, page 13>
File: AlumVerse_DeCuong_final.pdf Graphic file (type pdf)
<use AlumVerse_DeCuong_final.pdf, page 13>
File: AlumVerse_DeCuong_final.pdf Graphic file (type pdf)
<use AlumVerse_DeCuong_final.pdf, page 13>
 [14

]
LaTeX Font Info:    Font shape `TU/TeXGyreTermes(0)/m/n' will be
(Font)              scaled to size 15.16617pt on input line 256.
 (AlumVerse_BaoCaoCuoi.toc
LaTeX Font Info:    Font shape `TU/TeXGyreTermes(0)/m/n' will be
(Font)              scaled to size 8.66638pt on input line 2.
LaTeX Font Info:    Font shape `TU/TeXGyreTermes(0)/m/n' will be
(Font)              scaled to size 6.49979pt on input line 2.
LaTeX Font Info:    Trying to load font information for U+msa on input line 2.

(C:\Users\ACE\AppData\Local\Programs\MiKTeX\tex/latex/amsfonts\umsa.fd
File: umsa.fd 2013/01/14 v3.01 AMS symbols A
)
LaTeX Font Info:    Trying to load font information for U+msb on input line 2.

(C:\Users\ACE\AppData\Local\Programs\MiKTeX\tex/latex/amsfonts\umsb.fd
File: umsb.fd 2013/01/14 v3.01 AMS symbols B
)
[2] [3] [4])
\tf@toc=\write5
\openout5 = `AlumVerse_BaoCaoCuoi.toc'.

 [5] (AlumVerse_BaoCaoCuoi.lof [6])
\tf@lof=\write6
\openout6 = `AlumVerse_BaoCaoCuoi.lof'.

 [7] (AlumVerse_BaoCaoCuoi.lot)
\tf@lot=\write7
\openout7 = `AlumVerse_BaoCaoCuoi.lot'.


[8]
ignored error: Infinite glue shrinkage found in box being split [9

] [10]
[11

]
Chương 1.
[1

]
Overfull \hbox (6.44926pt too wide) in paragraph at lines 340--341
[]\TU/TeXGyreTermes(0)/m/n/12 Hướng thứ nhất là tái thiết kế kỹ thuật. Nhóm chu
yển hệ thống từ kiến trúc Microservices
 []

[2]
LaTeX Font Info:    Font shape `TU/TeXGyreTermes(0)/b/n' will be
(Font)              scaled to size 14.08287pt on input line 356.
 [3] [4]
Chương 2.
[5

] [6] [7] [8]
File: Pictures/ai_suggest.jpg Graphic file (type bmp)
<Pictures/ai_suggest.jpg>
LaTeX Font Info:    Font shape `TU/TeXGyreTermes(0)/m/n' will be
(Font)              scaled to size 11.8621pt on input line 445.
File: Pictures/fitbot.jpg Graphic file (type bmp)
<Pictures/fitbot.jpg>
 [9] [10]
File: Pictures/hinh-2-1_rmit-active-hub.png Graphic file (type bmp)
<Pictures/hinh-2-1_rmit-active-hub.png>
File: Pictures/hinh-2-2_fit-hcmus-alumni.png Graphic file (type bmp)
<Pictures/hinh-2-2_fit-hcmus-alumni.png>
 [11] [12]
File: Pictures/hinh-2-3_adplist.png Graphic file (type bmp)
<Pictures/hinh-2-3_adplist.png>
File: Pictures/hinh-2-4_mentori.png Graphic file (type bmp)
<Pictures/hinh-2-4_mentori.png>
LaTeX Font Info:    Font shape `TU/TeXGyreTermes(0)/b/n' will be
(Font)              scaled to size 11.8621pt on input line 517.
LaTeX Font Info:    Font shape `TU/TeXGyreTermes(0)/m/it' will be
(Font)              scaled to size 11.8621pt on input line 519.
 [13]
Package pgfplots info on input line 551: Using 'lua backend=false' for axis: x 
coord trafo unsupported.
LaTeX Font Info:    Font shape `TU/TeXGyreTermes(0)/m/n' will be
(Font)              scaled to size 10.83298pt on input line 556.
LaTeX Font Info:    Font shape `TU/TeXGyreTermes(0)/m/n' will be
(Font)              scaled to size 7.58308pt on input line 556.
LaTeX Font Info:    Font shape `TU/TeXGyreTermes(0)/m/n' will be
(Font)              scaled to size 5.41649pt on input line 556.

Overfull \vbox (259.2419pt too high) has occurred while \output is active []


[14]
ignored error: Infinite glue shrinkage found in box being split [15]
File: Pictures/ref-gayquy-ueh.png Graphic file (type bmp)
<Pictures/ref-gayquy-ueh.png>
File: Pictures/ref-diendan-voz.png Graphic file (type bmp)
<Pictures/ref-diendan-voz.png>
File: Pictures/ref-vieclam-zalo.png Graphic file (type bmp)
<Pictures/ref-vieclam-zalo.png>

Overfull \hbox (24.3922pt too wide) in alignment at lines 610--613
 [] [] [] [] 
 []


Overfull \hbox (24.3922pt too wide) in alignment at lines 613--615
 [] [] [] [] 
 []


Overfull \hbox (24.3922pt too wide) in alignment at lines 615--622
 [] [] [] [] 
 []

[16] [17] [18]
LaTeX Font Info:    Font shape `TU/TeXGyreTermes(0)/b/n' will be
(Font)              scaled to size 10.83298pt on input line 678.
 [19]
ignored error: Infinite glue shrinkage found in box being split [20]
LaTeX Font Info:    Font shape `TU/TeXGyreTermes(0)/m/it' will be
(Font)              scaled to size 8.66638pt on input line 741.
 [21]
Overfull \hbox (17.16525pt too wide) in paragraph at lines 765--766
\TU/TeXGyreTermes(0)/m/n/12 chuyển sang kiến trúc Modular Monolith kết hợp Laye
red trên nền Reactive Programming. 
 []

[22] [23]
Chương 3.
[24

]
Overfull \hbox (9.14719pt too wide) in alignment at lines 817--820
 [] [] [] 
 []


Overfull \hbox (9.14719pt too wide) in alignment at lines 820--822
 [] [] [] 
 []


Overfull \hbox (9.14719pt too wide) in alignment at lines 822--828
 [] [] [] 
 []

[25]
File: Pictures/uc0-actors.png Graphic file (type bmp)
<Pictures/uc0-actors.png>
 [26]
File: Pictures/uc1-guest.png Graphic file (type bmp)
<Pictures/uc1-guest.png>
 [27]
File: Pictures/uc2a-student.png Graphic file (type bmp)
<Pictures/uc2a-student.png>
 [28]
File: Pictures/uc2b-student.png Graphic file (type bmp)
<Pictures/uc2b-student.png>
 [29]
File: Pictures/uc2c-student.png Graphic file (type bmp)
<Pictures/uc2c-student.png>
 [30]
File: Pictures/uc3-alumni.png Graphic file (type bmp)
<Pictures/uc3-alumni.png>
 [31]
File: Pictures/uc4a-facultyadmin.png Graphic file (type bmp)
<Pictures/uc4a-facultyadmin.png>
 [32]
File: Pictures/uc4b-facultyadmin.png Graphic file (type bmp)
<Pictures/uc4b-facultyadmin.png>
 [33]
File: Pictures/uc5a-schooladmin.png Graphic file (type bmp)
<Pictures/uc5a-schooladmin.png>
 [34]
File: Pictures/uc5b-schooladmin.png Graphic file (type bmp)
<Pictures/uc5b-schooladmin.png>
 [35]
ignored error: Infinite glue shrinkage found in box being split [36]
Overfull \hbox (18.70172pt too wide) in alignment at lines 957--960
 [] [] [] [] 
 []


Overfull \hbox (18.70172pt too wide) in alignment at lines 960--962
 [] [] [] [] 
 []


Overfull \hbox (18.70172pt too wide) in alignment at lines 962--968
 [] [] [] [] 
 []

[37] [38] [39]
LaTeX Font Info:    Font shape `TU/TeXGyreTermes(0)/m/it' will be
(Font)              scaled to size 10.83298pt on input line 1041.

Overfull \hbox (23.98573pt too wide) in paragraph at lines 1062--1063
\TU/TeXGyreTermes(0)/m/n/12 Monolith với mười ba module nghiệp vụ tương ứng các
 package: \TU/lmtt/m/n/12 auth\TU/TeXGyreTermes(0)/m/n/12 , \TU/lmtt/m/n/12 use
r\TU/TeXGyreTermes(0)/m/n/12 , \TU/lmtt/m/n/12 organization\TU/TeXGyreTermes(0)
/m/n/12 ,
 []

[40] [41]
File: Pictures/sd-kien-truc-3tang.png Graphic file (type bmp)
<Pictures/sd-kien-truc-3tang.png>

ignored error: Infinite glue shrinkage found in box being split [42] [43]
[44] [45] [46] [47] [48]
File: Pictures/rwd-vinhdanh-desktop.png Graphic file (type bmp)
<Pictures/rwd-vinhdanh-desktop.png>
File: Pictures/rwd-vinhdanh-tablet.png Graphic file (type bmp)
<Pictures/rwd-vinhdanh-tablet.png>
File: Pictures/rwd-vinhdanh-mobile.png Graphic file (type bmp)
<Pictures/rwd-vinhdanh-mobile.png>
File: Pictures/web-trang-chu.png Graphic file (type bmp)
<Pictures/web-trang-chu.png>
File: Pictures/web-co-van.png Graphic file (type bmp)
<Pictures/web-co-van.png>
File: Pictures/web-dien-dan.png Graphic file (type bmp)
<Pictures/web-dien-dan.png>
File: Pictures/web-admin-dashboard.png Graphic file (type bmp)
<Pictures/web-admin-dashboard.png>
File: Pictures/mob-01-chon-to-chuc.jpg Graphic file (type bmp)
<Pictures/mob-01-chon-to-chuc.jpg>
File: Pictures/mob-02-trang-chu.jpg Graphic file (type bmp)
<Pictures/mob-02-trang-chu.jpg>
File: Pictures/mob-04-su-kien.jpg Graphic file (type bmp)
<Pictures/mob-04-su-kien.jpg>
File: Pictures/mob-05-ve-qr.jpg Graphic file (type bmp)
<Pictures/mob-05-ve-qr.jpg>
File: Pictures/mob-06-chat.jpg Graphic file (type bmp)
<Pictures/mob-06-chat.jpg>
File: Pictures/mob-08-quyen-gop.jpg Graphic file (type bmp)
<Pictures/mob-08-quyen-gop.jpg>
LaTeX Font Info:    Font shape `TU/TeXGyreTermes(0)/b/n' will be
(Font)              scaled to size 8.66638pt on input line 1315.

Overfull \hbox (36.81926pt too wide) in paragraph at lines 1317--1318
 [][] 
 []


Overfull \hbox (32.92863pt too wide) in paragraph at lines 1364--1365
 [][] 
 []


Overfull \hbox (9.14763pt too wide) in alignment at lines 1376--1379
 [] [] [] 
 []


Overfull \hbox (9.14763pt too wide) in alignment at lines 1379--1381
 [] [] [] 
 []


Overfull \hbox (9.14763pt too wide) in alignment at lines 1381--1394
 [] [] [] 
 []

[49] [50] [51] [52] [53] [54] [55] [56] [57]
Chương 4.
[58

] [59] [60]
Overfull \hbox (9.1472pt too wide) in alignment at lines 1447--1450
 [] [] [] 
 []


Overfull \hbox (9.1472pt too wide) in alignment at lines 1450--1452
 [] [] [] 
 []


Overfull \hbox (9.1472pt too wide) in alignment at lines 1452--1466
 [] [] [] 
 []

[61] [62] [63] [64] [65] [66] [67] [68]
File: Pictures/sd-sequence-ketnoi.png Graphic file (type bmp)
<Pictures/sd-sequence-ketnoi.png>
 [69] [70] [71] [72] [73] [74]
Chương 5.
[75

] [76]
Overfull \hbox (4.47534pt too wide) in alignment at lines 1830--1833
 [] [] [] [] 
 []


Overfull \hbox (4.47534pt too wide) in alignment at lines 1833--1836
 [] [] [] [] 
 []


Overfull \hbox (4.47534pt too wide) in alignment at lines 1836--1838
 [] [] [] [] 
 []


Overfull \hbox (4.47534pt too wide) in alignment at lines 1838--1840
 [] [] [] [] 
 []


Overfull \hbox (4.47534pt too wide) in alignment at lines 1840--1845
 [] [] [] [] 
 []

[77] [78]
Overfull \hbox (23.53355pt too wide) in alignment at lines 1862--1865
 [] [] [] [] [] 
 []


Overfull \hbox (23.53355pt too wide) in alignment at lines 1865--1867
 [] [] [] [] [] 
 []


Overfull \hbox (23.53355pt too wide) in alignment at lines 1867--1884
 [] [] [] [] [] 
 []

[79] [80] [81]
Overfull \hbox (14.24161pt too wide) in alignment at lines 1947--1951
 [] [] [] [] [] [] [] [] 
 []


Overfull \hbox (14.24161pt too wide) in alignment at lines 1951--1955
 [] [] [] [] [] [] [] [] 
 []


Overfull \hbox (14.24161pt too wide) in alignment at lines 1955--1957
 [] [] [] [] [] [] [] [] 
 []


Overfull \hbox (14.24161pt too wide) in alignment at lines 1957--1968
 [] [] [] [] [] [] [] [] 
 []

[82] [83] [84]
Overfull \hbox (24.39218pt too wide) in alignment at lines 2067--2070
 [] [] [] [] 
 []


Overfull \hbox (24.39218pt too wide) in alignment at lines 2070--2072
 [] [] [] [] 
 []


Overfull \hbox (17.46764pt too wide) in paragraph at lines 2074--2074
\TU/TeXGyreTermes(0)/m/n/12 (\TU/lmtt/m/n/12 /api/organizations\TU/TeXGyreTerme
s(0)/m/n/12 )|  
 []


Overfull \hbox (24.39218pt too wide) in alignment at lines 2072--2077
 [] [] [] [] 
 []

[85] [86] [87]
Overfull \hbox (13.01169pt too wide) in alignment at lines 2122--2125
 [] [] [] [] 
 []


Overfull \hbox (13.01169pt too wide) in alignment at lines 2125--2127
 [] [] [] [] 
 []


Overfull \hbox (13.01169pt too wide) in alignment at lines 2127--2133
 [] [] [] [] 
 []

[88] [89]
Chương 6.
[90

] [91] [92] [93]
LaTeX Font Info:    Font shape `TU/TeXGyreTermes(0)/m/it' will be
(Font)              scaled to size 12.99957pt on input line 2226.

Underfull \hbox (badness 3058) in paragraph at lines 2226--2227
[]\TU/TeXGyreTermes(0)/m/n/12 D. Obeng-Ofori and H. O. Kwarteng, “Enhancing the
 Role of Alumni
 []


Underfull \hbox (badness 1137) in paragraph at lines 2226--2227
\TU/TeXGyreTermes(0)/m/n/12 in the Growth of Higher Education Institutions,” \T
U/TeXGyreTermes(0)/m/it/12 International Journal of
 []


Underfull \hbox (badness 1789) in paragraph at lines 2246--2247
[]\TU/TeXGyreTermes(0)/m/n/12 M. Fowler, \TU/TeXGyreTermes(0)/m/it/12 Patterns 
of Enterprise Application Architecture\TU/TeXGyreTermes(0)/m/n/12 . Boston, MA:

 []

[94

]
Underfull \hbox (badness 2205) in paragraph at lines 2252--2253
[]\TU/TeXGyreTermes(0)/m/n/12 F. Chong, G. Carraro, and R. Wolter, “Multi-Tenan
t Data Architecture,”
 []


Underfull \hbox (badness 10000) in paragraph at lines 2252--2253
[][][] [] [][] [][] [][] [] [][][][][][][] [] [][][][][] [] [][][][][][][][][] 
[] [][][][][] [][] [][][][][][] [][] [][][][] [][] [][][][][][][][][][][][] [][
]
 []


Underfull \hbox (badness 1902) in paragraph at lines 2260--2261
\TU/TeXGyreTermes(0)/m/n/12 M. Lewis, W. Yih, T. Rocktäschel, S. Riedel, and D.
 Kiela, “Retrieval-
 []

[95]
Phụ lục A.
[96

]
Overfull \hbox (26.10219pt too wide) in alignment at lines 2273--2277
 [] [] [] [] [] [] 
 []


Overfull \hbox (26.10219pt too wide) in alignment at lines 2277--2281
 [] [] [] [] [] [] 
 []


Overfull \hbox (26.10219pt too wide) in alignment at lines 2281--2283
 [] [] [] [] [] [] 
 []


Overfull \hbox (26.10219pt too wide) in alignment at lines 2283--2285
 [] [] [] [] [] [] 
 []


Overfull \vbox (8.99728pt too high) detected at line 2330
 []


Overfull \vbox (13.49586pt too high) detected at line 2344
 []


Overfull \vbox (8.99728pt too high) detected at line 2360
 []


Overfull \vbox (13.49586pt too high) detected at line 2374
 []


Overfull \vbox (8.99728pt too high) detected at line 2404
 []


Overfull \hbox (26.10219pt too wide) in alignment at lines 2285--2458
 [] [] [] [] [] [] 
 []

[97

] [98] [99] [100] [101] [102] [103] [104] [105] [106] [107]
Phụ lục B.

Overfull \hbox (52.97476pt too wide) in alignment at lines 2472--2475
 [] [] [] [] [] [] 
 []


Overfull \hbox (52.97476pt too wide) in alignment at lines 2475--2478
 [] [] [] [] [] [] 
 []


Overfull \hbox (52.97476pt too wide) in alignment at lines 2478--2480
 [] [] [] [] [] [] 
 []


Overfull \hbox (52.97476pt too wide) in alignment at lines 2480--2482
 [] [] [] [] [] [] 
 []


Overfull \hbox (70.94356pt too wide) in paragraph at lines 2487--2487
\TU/TeXGyreTermes(0)/m/n/10.95 Alumni/Achievement/Job/Learning|  
 []


Overfull \hbox (6.0697pt too wide) in paragraph at lines 2495--2495
\TU/TeXGyreTermes(0)/m/n/10.95 desktop/tablet/mobile|  
 []


Overfull \hbox (52.97476pt too wide) in alignment at lines 2482--2498
 [] [] [] [] [] [] 
 []

ignored error: Infinite glue shrinkage found in box being split [108


] [109]
(AlumVerse_BaoCaoCuoi.aux)
 ***********
LaTeX2e <2025-11-01>
L3 programming layer <2025-12-24>
 ***********
Package rerunfilecheck Info: File `AlumVerse_BaoCaoCuoi.out' has not changed.
(rerunfilecheck)             Checksum: 765A86381F42F71CC91D573FFE2EEE59;28164.
 ) 
Here is how much of TeX's memory you used:
 40775 strings out of 402987
 970488 string characters out of 5448938
 1684763 words of memory out of 5000000
 68887 multiletter control sequences out of 15000+600000
 634721 words of font info for 104 fonts, out of 8000000 for 9000
 1348 hyphenation exceptions out of 8191
 84i,17n,94p,1412b,2430s stack positions out of 10000i,1000n,20000p,200000b,200000s

Output written on AlumVerse_BaoCaoCuoi.pdf (135 pages).
